C51 COMPILER V9.52.0.0   MAIN                                                              04/16/2020 16:38:09 PAGE 1   


C51 COMPILER V9.52.0.0, COMPILATION OF MODULE MAIN
OBJECT MODULE PLACED IN .\keilOut\main.obj
COMPILER INVOKED BY: C:\Program Files\Keil\C51\BIN\C51.EXE src\main.c OMF2 ROM(SMALL) OPTIMIZE(8,SPEED) BROWSE INCDIR(.\
                    -dependence;.\src;.\dependence\build-in;.\dependence\build-in\STD) DEBUG PRINT(.\Listings\main.lst) TABS(2) OBJECT(.\keil
                    -Out\main.obj)

line level    source

   1          #include "REG52.H"
   2          #include "intrins.h"
   3          #define uchar unsigned char
   4          
   5          // ÑÓÊ± 500 ms
   6          void delay500ms(void)
   7          {
   8   1          unsigned char a,b,c;
   9   1          for(c=205;c>0;c--)
  10   1              for(b=116;b>0;b--)
  11   1                  for(a=9;a>0;a--);
  12   1      }
  13          
  14          void main()
  15          {
  16   1        uchar i = 0;
  17   1          uchar ctrl_led = 0xfe;
  18   1          while (1)
  19   1          {
  20   2              ctrl_led = _crol_(ctrl_led,1);
  21   2              P2 = ctrl_led;
  22   2              delay500ms();
  23   2          }
  24   1      }


MODULE INFORMATION:   STATIC OVERLAYABLE
   CODE SIZE        =     36    ----
   CONSTANT SIZE    =   ----    ----
   XDATA SIZE       =   ----    ----
   PDATA SIZE       =   ----    ----
   DATA SIZE        =   ----       1
   IDATA SIZE       =   ----    ----
   BIT SIZE         =   ----    ----
   EDATA SIZE       =   ----    ----
   HDATA SIZE       =   ----    ----
   XDATA CONST SIZE =   ----    ----
   FAR CONST SIZE   =   ----    ----
END OF MODULE INFORMATION.


C51 COMPILATION COMPLETE.  0 WARNING(S),  0 ERROR(S)
