C51 COMPILER V9.00   8155                                                                  04/11/2020 14:22:07 PAGE 1   


C51 COMPILER V9.00, COMPILATION OF MODULE 8155
OBJECT MODULE PLACED IN 8155.obj
COMPILER INVOKED BY: C:\Program Files\Keil\C51\BIN\C51.EXE src\8155.c LARGE OMF2 BROWSE INCDIR(.\dependence;.\src;.\depe
                    -ndence\build-in\STD) DEBUG PRINT(.\Listings\8155.lst) OBJECT(8155.obj)

line level    source

   1          #include "8155.H"
   2          
   3          /**
   4           * @brief  设置8155的工作状态
   5           * @note   
   6           * @param  command_2_8155: 设置8155工作状态的参数
   7           * @retval None
   8           */
   9          void Set8155(uchar command_2_8155)
  10          {
  11   1          CMD_8155 = command_2_8155;
  12   1      }
  13          
  14          /**
  15           * @brief  将数据写入PA,PB,PC口
  16           * @note   
  17           * @param  white_line: 要写入的数据
  18           * @retval None
  19           */
  20          void WritePA(uchar white_line)
  21          {
  22   1          PA_8155 = white_line;
  23   1      }
  24          
  25          void WritePB(uchar white_line)
  26          {
  27   1          PB_8155 = white_line;
  28   1      }
  29          
  30          void WritePC(uchar white_line)
  31          {
  32   1          PC_8155 = white_line;
  33   1      }
  34          
  35          


MODULE INFORMATION:   STATIC OVERLAYABLE
   CODE SIZE        =     24    ----
   CONSTANT SIZE    =   ----    ----
   XDATA SIZE       =   ----    ----
   PDATA SIZE       =   ----    ----
   DATA SIZE        =   ----    ----
   IDATA SIZE       =   ----    ----
   BIT SIZE         =   ----    ----
   EDATA SIZE       =   ----    ----
   HDATA SIZE       =   ----    ----
   XDATA CONST SIZE =   ----    ----
   FAR CONST SIZE   =   ----    ----
END OF MODULE INFORMATION.


C51 COMPILATION COMPLETE.  0 WARNING(S),  0 ERROR(S)
