C51 COMPILER V9.52.0.0   LCD                                                               04/23/2020 22:15:29 PAGE 1   


C51 COMPILER V9.52.0.0, COMPILATION OF MODULE LCD
OBJECT MODULE PLACED IN .\keilOut\LCD.obj
COMPILER INVOKED BY: C:\Program Files\Keil\C51\BIN\C51.EXE src\LCD.c OMF2 ROM(SMALL) OPTIMIZE(8,SIZE) BROWSE INCDIR(.\de
                    -pendence;.\src) DEBUG PRINT(.\Listings\LCD.lst) OBJECT(.\keilOut\LCD.obj)

line level    source

   1          // LCD 液晶显示屏硬件接口函数
   2          
   3          #include "reg52.h"
   4          #include "LCD.h"
   5          
   6          
   7          void _LCD_delay()
   8          {
   9   1          uchar j=0,i=0;
  10   1          for(j=0;j<255;j++)
  11   1              for(i=0;i<4;i++);
  12   1      }
  13          
  14          void _LCD_write_char(uchar dat)
  15          {
  16   1          // 根据时序图
  17   1          RS = 1;
  18   1          RW = 0;
  19   1          E  = 0;
  20   1          LCD_PORT = dat;
  21   1          _LCD_delay();
  22   1          E = 1;
  23   1          E = 0;
  24   1      }
  25          
  26          void _LCD_write_cmd(uchar command)
  27          {
  28   1          RS = 0;
  29   1          RW = 0;
  30   1          E  = 0;
  31   1          LCD_PORT = command;
  32   1          _LCD_delay();
  33   1          E = 1;
  34   1          E = 0;
  35   1      }
  36          
  37          void LCD_init()
  38          {
  39   1          _LCD_write_cmd(0x38);    // 设置16×2显示，5×7点阵，8位数据接口
  40   1          _LCD_write_cmd(0x0c);    // 设置开显示，不显示光标
  41   1          _LCD_write_cmd(0x06);    // 写一个字符后地址指针加1
  42   1          _LCD_write_cmd(0x01);    // 显示清0，数据指针清0
  43   1      }
  44          
  45          
  46          /**
  47           * @brief  在屏幕上显示字符串  
  48           * @param  addr: 需要显示首地址
  49           * @param  *str: 字符串的首地址
  50           */
  51          void LCD_display(uchar addr,char *str)
  52          {
  53   1          uchar i = 0;
  54   1          _LCD_write_cmd(addr);
C51 COMPILER V9.52.0.0   LCD                                                               04/23/2020 22:15:29 PAGE 2   

  55   1          while(str[i]!='\0')
  56   1          {
  57   2              _LCD_write_char(str[i]);
  58   2              i++;
  59   2          }
  60   1      }
  61          
  62          
  63          
  64          /* mode=0：显示清零，指针清零
  65             mode=1: 仅指针清零   */
  66          void LCD_clear(bit mode)
  67          {
  68   1          if(mode == 0)
  69   1              _LCD_write_cmd(0x01);    // 显示清0，数据指针清0
  70   1          if(mode == 1)
  71   1              _LCD_write_cmd(0x02);
  72   1      }
  73          
  74          
  75          // 将 uchar 类型数字转成字符串
  76          char str[4];
  77          char* uchar2string(uchar n)
  78          {
  79   1      
  80   1          uchar *pStr;
  81   1          pStr = str;
  82   1          if (n > 99)
  83   1          {
  84   2              *pStr = n / 100 + '0';
  85   2              n %= 100;
  86   2              pStr += 1;
  87   2              *pStr = n / 10 + '0';
  88   2              n %= 10;
  89   2              pStr += 1;
  90   2              *pStr = n + '0';
  91   2          }
  92   1          if (n > 9)
  93   1          {
  94   2              *pStr = n / 10 + '0';
  95   2              n %= 10;
  96   2              pStr += 1;
  97   2              *pStr = n + '0';
  98   2          }
  99   1          if (n < 10)
 100   1          {
 101   2              *pStr = n + '0';
 102   2          }
 103   1          pStr += 1;
 104   1          *pStr = '\0';
 105   1          return str;
 106   1      }


MODULE INFORMATION:   STATIC OVERLAYABLE
   CODE SIZE        =    230    ----
   CONSTANT SIZE    =   ----    ----
   XDATA SIZE       =   ----    ----
   PDATA SIZE       =   ----    ----
   DATA SIZE        =      4       3
   IDATA SIZE       =   ----    ----
   BIT SIZE         =   ----       1
C51 COMPILER V9.52.0.0   LCD                                                               04/23/2020 22:15:29 PAGE 3   

   EDATA SIZE       =   ----    ----
   HDATA SIZE       =   ----    ----
   XDATA CONST SIZE =   ----    ----
   FAR CONST SIZE   =   ----    ----
END OF MODULE INFORMATION.


C51 COMPILATION COMPLETE.  0 WARNING(S),  0 ERROR(S)
