LX51 LINKER/LOCATER V4.66.1.0                                                           04/18/2020  23:15:49  PAGE 1


LX51 LINKER/LOCATER V4.66.1.0, INVOKED BY:
C:\PROGRAM FILES\KEIL\C51\BIN\LX51.EXE c:\Users\Harry\Documents\OneDrive - ODMAIL\学习资料\大二下学期\微机原理\例程\GPIO
>> \Code\KeilOut\main.o, c:\Users\Harry\Documents\OneDrive - ODMAIL\学习资料\大二下学期\微机原理\例程\GPIO\Code\KeilOut\
>> STARTUP.o TO c:\Users\Harry\Documents\OneDrive - ODMAIL\学习资料\大二下学期\微机原理\例程\GPIO\Code\KeilOut\Code PRIN
>> T (c:\Users\Harry\Documents\OneDrive - ODMAIL\学习资料\大二下学期\微机原理\例程\GPIO\Code\KeilOut\Code.map) REMOVEUNU
>> SED


CPU MODE:     8051 MODE
MEMORY MODEL: LARGE


INPUT MODULES INCLUDED:
  c:\Users\Harry\Documents\OneDrive - ODMAIL\学习资料\大二下学期\微机原理\例程\GPIO\Code\KeilOut\main.o (MAIN)
         COMMENT TYPE 0: C51 V9.52.0.0
  c:\Users\Harry\Documents\OneDrive - ODMAIL\学习资料\大二下学期\微机原理\例程\GPIO\Code\KeilOut\STARTUP.o (?C_STARTUP)
         COMMENT TYPE 0: AX51 V3.10


ACTIVE MEMORY CLASSES OF MODULE:  c:\Users\Harry\Documents\OneDrive - ODMAIL\学习资料\大二下学期\微机原理\例程\GPIO\Code
>> \KeilOut\Code (MAIN)

BASE        START       END         USED      MEMORY CLASS
==========================================================
C:000000H   C:000000H   C:00FFFFH   000036H   CODE
X:000000H   X:000000H   X:00FFFFH   000001H   XDATA
I:000000H   I:000000H   I:0000FFH   000001H   IDATA
I:000000H   I:000000H   I:00007FH   000008H   DATA


MEMORY MAP OF MODULE:  c:\Users\Harry\Documents\OneDrive - ODMAIL\学习资料\大二下学期\微机原理\例程\GPIO\Code\KeilOut\Co
>> de (MAIN)


START     STOP      LENGTH    ALIGN  RELOC    MEMORY CLASS   SEGMENT NAME
=========================================================================

* * * * * * * * * * *   D A T A   M E M O R Y   * * * * * * * * * * * * *
000000H   000007H   000008H   ---    AT..     DATA           "REG BANK 0"
000008H   000008H   000001H   BYTE   UNIT     IDATA          ?STACK

* * * * * * * * * * *   C O D E   M E M O R Y   * * * * * * * * * * * * *
000000H   000002H   000003H   ---    OFFS..   CODE           ?CO?STARTUP?3
000003H   00001CH   00001AH   BYTE   UNIT     CODE           ?PR?MAIN?MAIN
00001DH   000029H   00000DH   BYTE   UNIT     CODE           ?PR?DELAY500MS?MAIN
00002AH   000035H   00000CH   BYTE   UNIT     CODE           ?C_C51STARTUP

* * * * * * * * * * *  X D A T A   M E M O R Y  * * * * * * * * * * * * *
000000H   000000H   000001H   BYTE   UNIT     XDATA          _XDATA_GROUP_



OVERLAY MAP OF MODULE:   c:\Users\Harry\Documents\OneDrive - ODMAIL\学习资料\大二下学期\微机原理\例程\GPIO\Code\KeilOut\
>> Code (MAIN)


FUNCTION/MODULE             XDATA_GROUP
--> CALLED FUNCTION/MODULE  START  STOP
=======================================
?C_C51STARTUP               ----- -----
  +--> MAIN/MAIN

MAIN/MAIN                   0000H 0000H
  +--> DELAY500MS/MAIN

DELAY500MS/MAIN             ----- -----
LX51 LINKER/LOCATER V4.66.1.0                                                         04/18/2020  23:15:49  PAGE 2





PUBLIC SYMBOLS OF MODULE:  c:\Users\Harry\Documents\OneDrive - ODMAIL\学习资料\大二下学期\微机原理\例程\GPIO\Code\KeilOu
>> t\Code (MAIN)


      VALUE       CLASS    TYPE      PUBLIC SYMBOL NAME
      =================================================
      00000000H   NUMBER   ---       ?C?CODESEG
      00000000H   NUMBER   ---       ?C?XDATASEG
      01000003H   CODE     ---       ?C_START
      01000000H   CODE     NEAR LAB  ?C_STARTUP
      0100001DH   CODE     ---       delay500ms
      01000003H   CODE     ---       main



SYMBOL TABLE OF MODULE:  c:\Users\Harry\Documents\OneDrive - ODMAIL\学习资料\大二下学期\微机原理\例程\GPIO\Code\KeilOut\
>> Code (MAIN)

      VALUE       REP       CLASS    TYPE      SYMBOL NAME
      ====================================================
      ---         MODULE    ---      ---       MAIN
      01000003H   PUBLIC    CODE     ---       main
      0100001DH   PUBLIC    CODE     ---       delay500ms

      0100001DH   BLOCK     CODE     ---       LVL=0
      0100001DH   BLOCK     CODE     NEAR LAB  LVL=1
      00000005H   SYMBOL    DATA     VOID      a
      00000006H   SYMBOL    DATA     VOID      b
      00000007H   SYMBOL    DATA     VOID      c
      ---         BLOCKEND  ---      ---       LVL=1
      ---         BLOCKEND  ---      ---       LVL=0

      01000003H   BLOCK     CODE     ---       LVL=0
      01000003H   BLOCK     CODE     NEAR LAB  LVL=1
      02000000H   SYMBOL    XDATA    VOID      i
      00000004H   SYMBOL    DATA     VOID      ctrl_led
      ---         BLOCKEND  ---      ---       LVL=1
      ---         BLOCKEND  ---      ---       LVL=0

      ---         MODULE    ---      ---       ?C_STARTUP
      01000000H   PUBLIC    CODE     NEAR LAB  ?C_STARTUP

Program Size: data=9.0 xdata=1 const=0 code=54
LX51 RUN COMPLETE.  0 WARNING(S),  0 ERROR(S)
