LX51 LINKER/LOCATER V4.66.1.0                                                           04/28/2020  23:29:43  PAGE 1


LX51 LINKER/LOCATER V4.66.1.0, INVOKED BY:
C:\PROGRAM FILES\KEIL\C51\BIN\LX51.EXE .\keilOut\interrupt.obj, .\keilOut\keyboard.obj, .\keilOut\LCD.obj, .\keilOut\mai
>> n.obj, .\keilOut\random.obj, .\keilOut\tasks.obj TO .\keilOut\code PRINT (.\Listings\code.map)


CPU MODE:     8051 MODE
MEMORY MODEL: SMALL


INPUT MODULES INCLUDED:
  .\keilOut\interrupt.obj (INTERRUPT)
         COMMENT TYPE 0: C51 V9.52.0.0
  .\keilOut\keyboard.obj (KEYBOARD)
         COMMENT TYPE 0: C51 V9.52.0.0
  .\keilOut\LCD.obj (LCD)
         COMMENT TYPE 0: C51 V9.52.0.0
  .\keilOut\main.obj (MAIN)
         COMMENT TYPE 0: C51 V9.52.0.0
  .\keilOut\random.obj (RANDOM)
         COMMENT TYPE 0: C51 V9.52.0.0
  .\keilOut\tasks.obj (TASKS)
         COMMENT TYPE 0: C51 V9.52.0.0
  C:\PROGRAM FILES\KEIL\C51\LIB\C51S.LIB (?C_STARTUP)
         COMMENT TYPE 1: A51 / ASM51 Assembler
  C:\PROGRAM FILES\KEIL\C51\LIB\C51S.LIB (?C?COPY)
         COMMENT TYPE 1: A51 / ASM51 Assembler
  C:\PROGRAM FILES\KEIL\C51\LIB\C51S.LIB (?C?CLDOPTR)
         COMMENT TYPE 1: A51 / ASM51 Assembler
  C:\PROGRAM FILES\KEIL\C51\LIB\C51S.LIB (?C?CSTPTR)
         COMMENT TYPE 1: A51 / ASM51 Assembler
  C:\PROGRAM FILES\KEIL\C51\LIB\C51S.LIB (?C?SIDIV)
         COMMENT TYPE 1: A51 / ASM51 Assembler
  C:\PROGRAM FILES\KEIL\C51\LIB\C51S.LIB (RAND)
         COMMENT TYPE 1: A51 / ASM51 Assembler
  C:\PROGRAM FILES\KEIL\C51\LIB\C51S.LIB (?C_INIT)
         COMMENT TYPE 1: A51 / ASM51 Assembler
  C:\PROGRAM FILES\KEIL\C51\LIB\C51S.LIB (?C?UIDIV)
         COMMENT TYPE 1: A51 / ASM51 Assembler


ACTIVE MEMORY CLASSES OF MODULE:  .\keilOut\code (INTERRUPT)

BASE        START       END         USED      MEMORY CLASS
==========================================================
C:000000H   C:000000H   C:00FFFFH   0005F3H   CODE
I:000000H   I:000000H   I:00007FH   000033H   DATA
I:000020H.0 I:000020H.0 I:00002FH.7 000000H.4 BIT
I:000000H   I:000000H   I:0000FFH   000001H   IDATA


MEMORY MAP OF MODULE:  .\keilOut\code (INTERRUPT)


START     STOP      LENGTH    ALIGN  RELOC    MEMORY CLASS   SEGMENT NAME
=========================================================================

* * * * * * * * * * *   D A T A   M E M O R Y   * * * * * * * * * * * * *
000000H   000007H   000008H   ---    AT..     DATA           "REG BANK 0"
000008H   00000BH   000004H   BYTE   UNIT     DATA           ?DT?LCD
00000CH   00000FH   000004H   BYTE   UNIT     DATA           ?DT?RAND?RAND
000010H   000012H   000003H   BYTE   UNIT     DATA           ?DT?TASKS
000013H   000013H   000001H   BYTE   UNIT     DATA           ?DT?MAIN
000014H.0 00001FH.7 00000CH.0 ---    ---      **GAP**
000020H.0 000020H.2 000000H.3 BIT    UNIT     BIT            _BIT_GROUP_
000020H.3 000020H.3 000000H.1 BIT    UNIT     BIT            ?BI?TASKS
000020H.4 000020H   000000H.4 ---    ---      **GAP**
LX51 LINKER/LOCATER V4.66.1.0                                                         04/28/2020  23:29:43  PAGE 2


000021H   00003FH   00001FH   BYTE   UNIT     DATA           _DATA_GROUP_
000040H   000040H   000001H   BYTE   UNIT     IDATA          ?STACK

* * * * * * * * * * *   C O D E   M E M O R Y   * * * * * * * * * * * * *
000000H   000002H   000003H   ---    OFFS..   CODE           ?CO??C_STARTUP?0
000003H   000004H   000002H   BYTE   OFFS..   CODE           ?TASKS?00003
000005H   000008H   000004H   BYTE   INBLOCK  CODE           ?PR?_INIT_RANDOM?RANDOM
000009H   00000AH   000002H   ---    ---      **GAP**
00000BH   00000CH   000002H   BYTE   OFFS..   CODE           ?TASKS?0000B
00000DH   000012H   000006H   ---    ---      **GAP**
000013H   000014H   000002H   BYTE   OFFS..   CODE           ?TASKS?00013
000015H   000091H   00007DH   BYTE   INBLOCK  CODE           ?PR?UPDATE?TASKS
000092H   00010DH   00007CH   BYTE   INBLOCK  CODE           ?PR?_UCHAR2STRING?LCD
00010EH   00016CH   00005FH   BYTE   INBLOCK  CODE           ?PR?CONTINUEE?TASKS
00016DH   0001BEH   000052H   BYTE   INBLOCK  CODE           ?PR?PAUSE?TASKS
0001BFH   000208H   00004AH   BYTE   INBLOCK  CODE           ?PR?TIM_0_ISR?TASKS
000209H   00022EH   000026H   BYTE   INBLOCK  CODE           ?PR?KEYBOARD_GET_KEY?KEYBOARD
00022FH   00024EH   000020H   BYTE   INBLOCK  CODE           ?PR?_LCD_DISPLAY?LCD
00024FH   00026CH   00001EH   BYTE   INBLOCK  CODE           ?PR?MAIN?MAIN
00026DH   00027CH   000010H   BYTE   INBLOCK  CODE           ?PR?TIM_0_INIT?INTERRUPT
00027DH   00028CH   000010H   BYTE   INBLOCK  CODE           ?PR?LCD_INIT?LCD
00028DH   00029BH   00000FH   BYTE   INBLOCK  CODE           ?PR?__LCD_WRITE_CHAR?LCD
00029CH   0002AAH   00000FH   BYTE   INBLOCK  CODE           ?PR?__LCD_WRITE_CMD?LCD
0002ABH   0002B9H   00000FH   BYTE   INBLOCK  CODE           ?PR?LCD_CLEAR?LCD
0002BAH   0002C7H   00000EH   BYTE   INBLOCK  CODE           ?PR?TIM_1_INIT?INTERRUPT
0002C8H   0002D5H   00000EH   BYTE   INBLOCK  CODE           ?PR?INIT?MAIN
0002D6H   0002E2H   00000DH   BYTE   INBLOCK  CODE           ?PR?_LCD_DELAY?LCD
0002E3H   0002EFH   00000DH   BYTE   INBLOCK  CODE           ?PR?DELAY500MS?TASKS
0002F0H   0002FAH   00000BH   BYTE   INBLOCK  CODE           ?PR?RANDOM?RANDOM
0002FBH   000303H   000009H   BYTE   INBLOCK  CODE           ?PR?EX0_INIT?INTERRUPT
000304H   00030CH   000009H   BYTE   INBLOCK  CODE           ?PR?EX1_INIT?INTERRUPT
00030DH   0004CCH   0001C0H   BYTE   UNIT     CODE           ?C?LIB_CODE
0004CDH   000558H   00008CH   BYTE   UNIT     CODE           ?C_C51STARTUP
000559H   0005A5H   00004DH   BYTE   UNIT     CODE           ?PR?RAND?RAND
0005A6H   0005D9H   000034H   BYTE   UNIT     CODE           ?CO?TASKS
0005DAH   0005EBH   000012H   BYTE   UNIT     CODE           ?CO?MAIN
0005ECH   0005FAH   00000FH   BYTE   UNIT     CODE           ?C_INITSEG



OVERLAY MAP OF MODULE:   .\keilOut\code (INTERRUPT)


FUNCTION/MODULE                 BIT_GROUP   DATA_GROUP 
--> CALLED FUNCTION/MODULE     START  STOP  START  STOP
=======================================================
PAUSE/TASKS                    ----- -----  ----- -----
  +--> LCD_CLEAR/LCD
  +--> ?CO?TASKS
  +--> _LCD_DISPLAY/LCD
  +--> _INIT_RANDOM/RANDOM

LCD_CLEAR/LCD                  20H.2 20H.2  ----- -----
  +--> __LCD_WRITE_CMD/LCD

__LCD_WRITE_CMD/LCD            ----- -----  ----- -----
  +--> _LCD_DELAY/LCD

_LCD_DELAY/LCD                 ----- -----  ----- -----

?CO?TASKS                      ----- -----  ----- -----

_LCD_DISPLAY/LCD               ----- -----  003DH 003FH
  +--> __LCD_WRITE_CMD/LCD
  +--> __LCD_WRITE_CHAR/LCD
LX51 LINKER/LOCATER V4.66.1.0                                                         04/28/2020  23:29:43  PAGE 3



__LCD_WRITE_CHAR/LCD           ----- -----  ----- -----
  +--> _LCD_DELAY/LCD

_INIT_RANDOM/RANDOM            ----- -----  ----- -----
  +--> RAND/RAND

RAND/RAND                      ----- -----  ----- -----

*** NEW ROOT *****************

CONTINUEE/TASKS                ----- -----  ----- -----
  +--> LCD_CLEAR/LCD
  +--> ?CO?TASKS
  +--> _LCD_DISPLAY/LCD
  +--> DELAY500MS/TASKS
  +--> _UCHAR2STRING/LCD

DELAY500MS/TASKS               ----- -----  ----- -----

_UCHAR2STRING/LCD              ----- -----  ----- -----

*** NEW ROOT *****************

TIM_0_ISR/TASKS                ----- -----  ----- -----
  +--> UPDATE/TASKS

UPDATE/TASKS                   ----- -----  0027H 0039H
  +--> ?CO?TASKS
  +--> KEYBOARD_GET_KEY/KEYBOARD
  +--> LCD_CLEAR/LCD
  +--> _LCD_DISPLAY/LCD
  +--> _UCHAR2STRING/LCD

KEYBOARD_GET_KEY/KEYBOARD      ----- -----  ----- -----

*** NEW ROOT *****************

?C_C51STARTUP                  ----- -----  ----- -----
  +--> MAIN/MAIN
  +--> ?C_INITSEG

MAIN/MAIN                      ----- -----  ----- -----
  +--> INIT/MAIN
  +--> ?CO?MAIN
  +--> _LCD_DISPLAY/LCD
  +--> DELAY500MS/TASKS
  +--> RANDOM/RANDOM

INIT/MAIN                      ----- -----  ----- -----
  +--> LCD_INIT/LCD
  +--> EX0_INIT/INTERRUPT
  +--> EX1_INIT/INTERRUPT
  +--> TIM_0_INIT/INTERRUPT
  +--> TIM_1_INIT/INTERRUPT
  +--> _INIT_RANDOM/RANDOM

LCD_INIT/LCD                   ----- -----  ----- -----
  +--> __LCD_WRITE_CMD/LCD

EX0_INIT/INTERRUPT             ----- -----  ----- -----

EX1_INIT/INTERRUPT             ----- -----  ----- -----

TIM_0_INIT/INTERRUPT           ----- -----  ----- -----
LX51 LINKER/LOCATER V4.66.1.0                                                         04/28/2020  23:29:43  PAGE 4



TIM_1_INIT/INTERRUPT           ----- -----  ----- -----

?CO?MAIN                       ----- -----  ----- -----

RANDOM/RANDOM                  ----- -----  ----- -----
  +--> RAND/RAND

?C_INITSEG                     ----- -----  ----- -----



PUBLIC SYMBOLS OF MODULE:  .\keilOut\code (INTERRUPT)


      VALUE       CLASS    TYPE      PUBLIC SYMBOL NAME
      =================================================
      01000403H   CODE     ---       ?C?CLDOPTR
      00000000H   NUMBER   ---       ?C?CODESEG
      010003DDH   CODE     ---       ?C?COPY
      01000430H   CODE     ---       ?C?CSTPTR
      01000442H   CODE     ---       ?C?SIDIV
      01000478H   CODE     ---       ?C?UIDIV
      00000000H   NUMBER   ---       ?C?XDATASEG
      01000514H   CODE     ---       ?C_START
      01000000H   CODE     ---       ?C_STARTUP
      00000020H.2 BIT      BIT       ?LCD_clear?BIT
      0000000CH   DATA     ---       ?SRAND?BYTE
      0100028DH   CODE     ---       __LCD_write_char
      0100029CH   CODE     ---       __LCD_write_cmd
      01000005H   CODE     ---       _init_random
      010002D6H   CODE     ---       _LCD_delay
      0100022FH   CODE     ---       _LCD_display
      0100059BH   CODE     ---       _SRAND
      01000092H   CODE     ---       _uchar2string
*SFR* 000000D0H.6 DATA     BIT       AC
*SFR* 000000E0H   DATA     BYTE      ACC
*SFR* 000000F0H   DATA     BYTE      B
*SFR* 000000C8H.1 DATA     BIT       C_T2
      0100010EH   CODE     ---       continuee
*SFR* 000000C8H   DATA     BIT       CP_RL2
*SFR* 000000D0H.7 DATA     BIT       CY
      010002E3H   CODE     ---       delay500ms
*SFR* 00000083H   DATA     BYTE      DPH
*SFR* 00000082H   DATA     BYTE      DPL
*SFR* 000000B0H.4 DATA     BIT       E
*SFR* 000000A8H.7 DATA     BIT       EA
*SFR* 000000A8H.4 DATA     BIT       ES
*SFR* 000000A8H.1 DATA     BIT       ET0
*SFR* 000000A8H.3 DATA     BIT       ET1
*SFR* 000000A8H.5 DATA     BIT       ET2
*SFR* 000000A8H   DATA     BIT       EX0
      010002FBH   CODE     ---       EX0_init
*SFR* 000000A8H.2 DATA     BIT       EX1
      01000304H   CODE     ---       EX1_init
*SFR* 000000C8H.3 DATA     BIT       EXEN2
*SFR* 000000C8H.6 DATA     BIT       EXF2
*SFR* 000000D0H.5 DATA     BIT       F0
*SFR* 000000A8H   DATA     BYTE      IE
*SFR* 00000088H.1 DATA     BIT       IE0
*SFR* 00000088H.3 DATA     BIT       IE1
      010002C8H   CODE     ---       init
*SFR* 000000B0H.2 DATA     BIT       INT0
*SFR* 000000B0H.3 DATA     BIT       INT1
*SFR* 000000B8H   DATA     BYTE      IP
LX51 LINKER/LOCATER V4.66.1.0                                                         04/28/2020  23:29:43  PAGE 5


      00000020H.3 BIT      BIT       is_pause
*SFR* 00000088H   DATA     BIT       IT0
*SFR* 00000088H.2 DATA     BIT       IT1
      01000209H   CODE     ---       KEYBOARD_get_key
      010002ABH   CODE     ---       LCD_clear
      0100027DH   CODE     ---       LCD_init
      0100024FH   CODE     ---       main
*SFR* 000000D0H.2 DATA     BIT       OV
*SFR* 000000D0H   DATA     BIT       P
*SFR* 00000080H   DATA     BYTE      P0
*SFR* 00000090H   DATA     BYTE      P1
*SFR* 000000A0H   DATA     BYTE      P2
*SFR* 000000B0H   DATA     BYTE      P3
      0100016DH   CODE     ---       pause
*SFR* 00000087H   DATA     BYTE      PCON
*SFR* 000000B8H.4 DATA     BIT       PS
*SFR* 000000D0H   DATA     BYTE      PSW
*SFR* 000000B8H.1 DATA     BIT       PT0
*SFR* 000000B8H.3 DATA     BIT       PT1
*SFR* 000000B8H.5 DATA     BIT       PT2
*SFR* 000000B8H   DATA     BIT       PX0
*SFR* 000000B8H.2 DATA     BIT       PX1
      01000559H   CODE     ---       RAND
      010002F0H   CODE     ---       random
      00000013H   DATA     BYTE      random_num
*SFR* 00000098H.2 DATA     BIT       RB8
*SFR* 000000CBH   DATA     BYTE      RCAP2H
*SFR* 000000CAH   DATA     BYTE      RCAP2L
*SFR* 000000C8H.5 DATA     BIT       RCLK
*SFR* 000000B0H.7 DATA     BIT       RD
*SFR* 00000098H.4 DATA     BIT       REN
*SFR* 00000098H   DATA     BIT       RI
*SFR* 000000B0H   DATA     BIT       RS
*SFR* 000000D0H.3 DATA     BIT       RS0
*SFR* 000000D0H.4 DATA     BIT       RS1
*SFR* 000000B0H.1 DATA     BIT       RW
*SFR* 000000B0H   DATA     BIT       RXD
*SFR* 00000099H   DATA     BYTE      SBUF
*SFR* 00000098H   DATA     BYTE      SCON
      00000012H   DATA     BYTE      score
*SFR* 00000098H.7 DATA     BIT       SM0
*SFR* 00000098H.6 DATA     BIT       SM1
*SFR* 00000098H.5 DATA     BIT       SM2
*SFR* 00000081H   DATA     BYTE      SP
      00000008H   DATA     ---       str
*SFR* 000000B0H.4 DATA     BIT       T0
*SFR* 000000B0H.5 DATA     BIT       T1
*SFR* 00000090H   DATA     BIT       T2
*SFR* 000000C8H   DATA     BYTE      T2CON
*SFR* 00000090H.1 DATA     BIT       T2EX
*SFR* 00000098H.3 DATA     BIT       TB8
*SFR* 000000C8H.4 DATA     BIT       TCLK
*SFR* 00000088H   DATA     BYTE      TCON
*SFR* 00000088H.5 DATA     BIT       TF0
*SFR* 00000088H.7 DATA     BIT       TF1
*SFR* 000000C8H.7 DATA     BIT       TF2
*SFR* 0000008CH   DATA     BYTE      TH0
*SFR* 0000008DH   DATA     BYTE      TH1
*SFR* 000000CDH   DATA     BYTE      TH2
*SFR* 00000098H.1 DATA     BIT       TI
      0100026DH   CODE     ---       TIM_0_init
      010001BFH   CODE     ---       TIM_0_isr
      010002BAH   CODE     ---       TIM_1_init
*SFR* 0000008AH   DATA     BYTE      TL0
*SFR* 0000008BH   DATA     BYTE      TL1
LX51 LINKER/LOCATER V4.66.1.0                                                         04/28/2020  23:29:43  PAGE 6


*SFR* 000000CCH   DATA     BYTE      TL2
*SFR* 00000089H   DATA     BYTE      TMOD
*SFR* 00000088H.4 DATA     BIT       TR0
*SFR* 00000088H.6 DATA     BIT       TR1
*SFR* 000000C8H.2 DATA     BIT       TR2
*SFR* 000000B0H.1 DATA     BIT       TXD
      01000015H   CODE     ---       update
*SFR* 000000B0H.6 DATA     BIT       WR



SYMBOL TABLE OF MODULE:  .\keilOut\code (INTERRUPT)

      VALUE       REP       CLASS    TYPE      SYMBOL NAME
      ====================================================
      ---         MODULE    ---      ---       INTERRUPT
      010002BAH   PUBLIC    CODE     ---       TIM_1_init
      0100026DH   PUBLIC    CODE     ---       TIM_0_init
      01000304H   PUBLIC    CODE     ---       EX1_init
      010002FBH   PUBLIC    CODE     ---       EX0_init
      00000080H   SFRSYM    DATA     BYTE      P0
      00000090H   SFRSYM    DATA     BYTE      P1
      000000A0H   SFRSYM    DATA     BYTE      P2
      000000B0H   SFRSYM    DATA     BYTE      P3
      000000B0H.4 SFRSYM    DATA     BIT       T0
      000000D0H.6 SFRSYM    DATA     BIT       AC
      000000B0H.5 SFRSYM    DATA     BIT       T1
      00000090H   SFRSYM    DATA     BIT       T2
      000000A8H.7 SFRSYM    DATA     BIT       EA
      000000A8H   SFRSYM    DATA     BYTE      IE
      000000C8H.6 SFRSYM    DATA     BIT       EXF2
      000000B0H.7 SFRSYM    DATA     BIT       RD
      000000A8H.4 SFRSYM    DATA     BIT       ES
      000000B8H   SFRSYM    DATA     BYTE      IP
      00000098H   SFRSYM    DATA     BIT       RI
      000000B0H.2 SFRSYM    DATA     BIT       INT0
      000000D0H.7 SFRSYM    DATA     BIT       CY
      00000098H.1 SFRSYM    DATA     BIT       TI
      000000B0H.3 SFRSYM    DATA     BIT       INT1
      000000CBH   SFRSYM    DATA     BYTE      RCAP2H
      000000B8H.4 SFRSYM    DATA     BIT       PS
      00000081H   SFRSYM    DATA     BYTE      SP
      00000090H.1 SFRSYM    DATA     BIT       T2EX
      000000D0H.2 SFRSYM    DATA     BIT       OV
      000000CAH   SFRSYM    DATA     BYTE      RCAP2L
      000000C8H.1 SFRSYM    DATA     BIT       C_T2
      000000B0H.6 SFRSYM    DATA     BIT       WR
      000000C8H.5 SFRSYM    DATA     BIT       RCLK
      000000C8H.4 SFRSYM    DATA     BIT       TCLK
      00000099H   SFRSYM    DATA     BYTE      SBUF
      00000087H   SFRSYM    DATA     BYTE      PCON
      00000098H   SFRSYM    DATA     BYTE      SCON
      00000089H   SFRSYM    DATA     BYTE      TMOD
      00000088H   SFRSYM    DATA     BYTE      TCON
      00000088H.1 SFRSYM    DATA     BIT       IE0
      00000088H.3 SFRSYM    DATA     BIT       IE1
      000000F0H   SFRSYM    DATA     BYTE      B
      000000C8H   SFRSYM    DATA     BIT       CP_RL2
      000000E0H   SFRSYM    DATA     BYTE      ACC
      000000A8H.1 SFRSYM    DATA     BIT       ET0
      000000A8H.3 SFRSYM    DATA     BIT       ET1
      00000088H.5 SFRSYM    DATA     BIT       TF0
      000000A8H.5 SFRSYM    DATA     BIT       ET2
      00000088H.7 SFRSYM    DATA     BIT       TF1
      000000C8H.7 SFRSYM    DATA     BIT       TF2
LX51 LINKER/LOCATER V4.66.1.0                                                         04/28/2020  23:29:43  PAGE 7


      00000098H.2 SFRSYM    DATA     BIT       RB8
      0000008CH   SFRSYM    DATA     BYTE      TH0
      000000A8H   SFRSYM    DATA     BIT       EX0
      00000088H   SFRSYM    DATA     BIT       IT0
      0000008DH   SFRSYM    DATA     BYTE      TH1
      00000098H.3 SFRSYM    DATA     BIT       TB8
      000000A8H.2 SFRSYM    DATA     BIT       EX1
      00000088H.2 SFRSYM    DATA     BIT       IT1
      000000CDH   SFRSYM    DATA     BYTE      TH2
      000000D0H   SFRSYM    DATA     BIT       P
      00000098H.7 SFRSYM    DATA     BIT       SM0
      0000008AH   SFRSYM    DATA     BYTE      TL0
      00000098H.6 SFRSYM    DATA     BIT       SM1
      0000008BH   SFRSYM    DATA     BYTE      TL1
      00000098H.5 SFRSYM    DATA     BIT       SM2
      000000CCH   SFRSYM    DATA     BYTE      TL2
      000000B8H.1 SFRSYM    DATA     BIT       PT0
      000000B8H.3 SFRSYM    DATA     BIT       PT1
      000000D0H.3 SFRSYM    DATA     BIT       RS0
      000000B8H.5 SFRSYM    DATA     BIT       PT2
      00000088H.4 SFRSYM    DATA     BIT       TR0
      000000D0H.4 SFRSYM    DATA     BIT       RS1
      00000088H.6 SFRSYM    DATA     BIT       TR1
      000000C8H.2 SFRSYM    DATA     BIT       TR2
      000000B8H   SFRSYM    DATA     BIT       PX0
      000000B8H.2 SFRSYM    DATA     BIT       PX1
      00000083H   SFRSYM    DATA     BYTE      DPH
      00000082H   SFRSYM    DATA     BYTE      DPL
      000000C8H.3 SFRSYM    DATA     BIT       EXEN2
      00000098H.4 SFRSYM    DATA     BIT       REN
      000000C8H   SFRSYM    DATA     BYTE      T2CON
      000000B0H   SFRSYM    DATA     BIT       RXD
      000000B0H.1 SFRSYM    DATA     BIT       TXD
      000000D0H.5 SFRSYM    DATA     BIT       F0
      000000D0H   SFRSYM    DATA     BYTE      PSW

      010002FBH   BLOCK     CODE     ---       LVL=0
      010002FBH   LINE      CODE     ---       #2
      010002FBH   LINE      CODE     ---       #3
      010002FBH   LINE      CODE     ---       #4
      010002FDH   LINE      CODE     ---       #5
      010002FFH   LINE      CODE     ---       #6
      01000301H   LINE      CODE     ---       #7
      01000303H   LINE      CODE     ---       #8
      ---         BLOCKEND  ---      ---       LVL=0

      01000304H   BLOCK     CODE     ---       LVL=0
      01000304H   LINE      CODE     ---       #10
      01000304H   LINE      CODE     ---       #11
      01000304H   LINE      CODE     ---       #12
      01000306H   LINE      CODE     ---       #13
      01000308H   LINE      CODE     ---       #14
      0100030AH   LINE      CODE     ---       #15
      0100030CH   LINE      CODE     ---       #16
      ---         BLOCKEND  ---      ---       LVL=0

      0100026DH   BLOCK     CODE     ---       LVL=0
      0100026DH   LINE      CODE     ---       #18
      0100026DH   LINE      CODE     ---       #19
      0100026DH   LINE      CODE     ---       #22
      01000270H   LINE      CODE     ---       #23
      01000273H   LINE      CODE     ---       #24
      01000276H   LINE      CODE     ---       #25
      01000278H   LINE      CODE     ---       #26
      0100027AH   LINE      CODE     ---       #27
LX51 LINKER/LOCATER V4.66.1.0                                                         04/28/2020  23:29:43  PAGE 8


      0100027CH   LINE      CODE     ---       #28
      ---         BLOCKEND  ---      ---       LVL=0

      010002BAH   BLOCK     CODE     ---       LVL=0
      010002BAH   LINE      CODE     ---       #30
      010002BAH   LINE      CODE     ---       #31
      010002BAH   LINE      CODE     ---       #34
      010002BDH   LINE      CODE     ---       #35
      010002C0H   LINE      CODE     ---       #36
      010002C3H   LINE      CODE     ---       #37
      010002C5H   LINE      CODE     ---       #38
      010002C7H   LINE      CODE     ---       #39
      ---         BLOCKEND  ---      ---       LVL=0

      ---         MODULE    ---      ---       KEYBOARD
      01000209H   PUBLIC    CODE     ---       KEYBOARD_get_key
      00000080H   SFRSYM    DATA     BYTE      P0
      00000090H   SFRSYM    DATA     BYTE      P1
      000000A0H   SFRSYM    DATA     BYTE      P2
      000000B0H   SFRSYM    DATA     BYTE      P3
      000000B0H.4 SFRSYM    DATA     BIT       T0
      000000D0H.6 SFRSYM    DATA     BIT       AC
      000000B0H.5 SFRSYM    DATA     BIT       T1
      00000090H   SFRSYM    DATA     BIT       T2
      000000A8H.7 SFRSYM    DATA     BIT       EA
      000000A8H   SFRSYM    DATA     BYTE      IE
      000000C8H.6 SFRSYM    DATA     BIT       EXF2
      000000B0H.7 SFRSYM    DATA     BIT       RD
      000000A8H.4 SFRSYM    DATA     BIT       ES
      000000B8H   SFRSYM    DATA     BYTE      IP
      00000098H   SFRSYM    DATA     BIT       RI
      000000B0H.2 SFRSYM    DATA     BIT       INT0
      000000D0H.7 SFRSYM    DATA     BIT       CY
      00000098H.1 SFRSYM    DATA     BIT       TI
      000000B0H.3 SFRSYM    DATA     BIT       INT1
      000000CBH   SFRSYM    DATA     BYTE      RCAP2H
      000000B8H.4 SFRSYM    DATA     BIT       PS
      00000081H   SFRSYM    DATA     BYTE      SP
      00000090H.1 SFRSYM    DATA     BIT       T2EX
      000000D0H.2 SFRSYM    DATA     BIT       OV
      000000CAH   SFRSYM    DATA     BYTE      RCAP2L
      000000C8H.1 SFRSYM    DATA     BIT       C_T2
      000000B0H.6 SFRSYM    DATA     BIT       WR
      000000C8H.5 SFRSYM    DATA     BIT       RCLK
      000000C8H.4 SFRSYM    DATA     BIT       TCLK
      00000099H   SFRSYM    DATA     BYTE      SBUF
      00000087H   SFRSYM    DATA     BYTE      PCON
      00000098H   SFRSYM    DATA     BYTE      SCON
      00000089H   SFRSYM    DATA     BYTE      TMOD
      00000088H   SFRSYM    DATA     BYTE      TCON
      00000088H.1 SFRSYM    DATA     BIT       IE0
      00000088H.3 SFRSYM    DATA     BIT       IE1
      000000F0H   SFRSYM    DATA     BYTE      B
      000000C8H   SFRSYM    DATA     BIT       CP_RL2
      000000E0H   SFRSYM    DATA     BYTE      ACC
      000000A8H.1 SFRSYM    DATA     BIT       ET0
      000000A8H.3 SFRSYM    DATA     BIT       ET1
      00000088H.5 SFRSYM    DATA     BIT       TF0
      000000A8H.5 SFRSYM    DATA     BIT       ET2
      00000088H.7 SFRSYM    DATA     BIT       TF1
      000000C8H.7 SFRSYM    DATA     BIT       TF2
      00000098H.2 SFRSYM    DATA     BIT       RB8
      0000008CH   SFRSYM    DATA     BYTE      TH0
      000000A8H   SFRSYM    DATA     BIT       EX0
      00000088H   SFRSYM    DATA     BIT       IT0
LX51 LINKER/LOCATER V4.66.1.0                                                         04/28/2020  23:29:43  PAGE 9


      0000008DH   SFRSYM    DATA     BYTE      TH1
      00000098H.3 SFRSYM    DATA     BIT       TB8
      000000A8H.2 SFRSYM    DATA     BIT       EX1
      00000088H.2 SFRSYM    DATA     BIT       IT1
      000000CDH   SFRSYM    DATA     BYTE      TH2
      000000D0H   SFRSYM    DATA     BIT       P
      00000098H.7 SFRSYM    DATA     BIT       SM0
      0000008AH   SFRSYM    DATA     BYTE      TL0
      00000098H.6 SFRSYM    DATA     BIT       SM1
      0000008BH   SFRSYM    DATA     BYTE      TL1
      00000098H.5 SFRSYM    DATA     BIT       SM2
      000000CCH   SFRSYM    DATA     BYTE      TL2
      000000B8H.1 SFRSYM    DATA     BIT       PT0
      000000B8H.3 SFRSYM    DATA     BIT       PT1
      000000D0H.3 SFRSYM    DATA     BIT       RS0
      000000B8H.5 SFRSYM    DATA     BIT       PT2
      00000088H.4 SFRSYM    DATA     BIT       TR0
      000000D0H.4 SFRSYM    DATA     BIT       RS1
      00000088H.6 SFRSYM    DATA     BIT       TR1
      000000C8H.2 SFRSYM    DATA     BIT       TR2
      000000B8H   SFRSYM    DATA     BIT       PX0
      000000B8H.2 SFRSYM    DATA     BIT       PX1
      00000083H   SFRSYM    DATA     BYTE      DPH
      00000082H   SFRSYM    DATA     BYTE      DPL
      000000C8H.3 SFRSYM    DATA     BIT       EXEN2
      00000098H.4 SFRSYM    DATA     BIT       REN
      000000C8H   SFRSYM    DATA     BYTE      T2CON
      000000B0H   SFRSYM    DATA     BIT       RXD
      000000B0H.1 SFRSYM    DATA     BIT       TXD
      000000D0H.5 SFRSYM    DATA     BIT       F0
      000000D0H   SFRSYM    DATA     BYTE      PSW

      01000209H   BLOCK     CODE     ---       LVL=0
      01000209H   BLOCK     CODE     NEAR LAB  LVL=1
      00000007H   SYMBOL    DATA     BYTE      key_num
      00000006H   SYMBOL    DATA     BYTE      tmp_1
      00000005H   SYMBOL    DATA     BYTE      tmp_2
      00000004H   SYMBOL    DATA     BYTE      flag
      ---         BLOCKEND  ---      ---       LVL=1
      01000209H   LINE      CODE     ---       #5
      01000209H   LINE      CODE     ---       #6
      01000209H   LINE      CODE     ---       #7
      0100020BH   LINE      CODE     ---       #8
      0100020EH   LINE      CODE     ---       #9
      01000211H   LINE      CODE     ---       #11
      01000217H   LINE      CODE     ---       #12
      01000217H   LINE      CODE     ---       #13
      01000219H   LINE      CODE     ---       #14
      0100021AH   LINE      CODE     ---       #15
      0100021DH   LINE      CODE     ---       #16
      0100021DH   LINE      CODE     ---       #17
      01000226H   LINE      CODE     ---       #18
      01000226H   LINE      CODE     ---       #19
      01000228H   LINE      CODE     ---       #20
      0100022BH   LINE      CODE     ---       #21
      0100022EH   LINE      CODE     ---       #22
      0100022EH   LINE      CODE     ---       #23
      0100022EH   LINE      CODE     ---       #24
      ---         BLOCKEND  ---      ---       LVL=0

      ---         MODULE    ---      ---       LCD
      00000008H   PUBLIC    DATA     ---       str
      01000092H   PUBLIC    CODE     ---       _uchar2string
      00000020H.2 PUBLIC    BIT      BIT       ?LCD_clear?BIT
      010002ABH   PUBLIC    CODE     ---       LCD_clear
LX51 LINKER/LOCATER V4.66.1.0                                                         04/28/2020  23:29:43  PAGE 10


      0100022FH   PUBLIC    CODE     ---       _LCD_display
      0100027DH   PUBLIC    CODE     ---       LCD_init
      0100029CH   PUBLIC    CODE     ---       __LCD_write_cmd
      0100028DH   PUBLIC    CODE     ---       __LCD_write_char
      010002D6H   PUBLIC    CODE     ---       _LCD_delay
      00000080H   SFRSYM    DATA     BYTE      P0
      00000090H   SFRSYM    DATA     BYTE      P1
      000000A0H   SFRSYM    DATA     BYTE      P2
      000000B0H   SFRSYM    DATA     BYTE      P3
      000000B0H.4 SFRSYM    DATA     BIT       T0
      000000D0H.6 SFRSYM    DATA     BIT       AC
      000000B0H.5 SFRSYM    DATA     BIT       T1
      00000090H   SFRSYM    DATA     BIT       T2
      000000A8H.7 SFRSYM    DATA     BIT       EA
      000000A8H   SFRSYM    DATA     BYTE      IE
      000000C8H.6 SFRSYM    DATA     BIT       EXF2
      000000B0H.7 SFRSYM    DATA     BIT       RD
      000000A8H.4 SFRSYM    DATA     BIT       ES
      000000B8H   SFRSYM    DATA     BYTE      IP
      00000098H   SFRSYM    DATA     BIT       RI
      000000B0H.2 SFRSYM    DATA     BIT       INT0
      000000D0H.7 SFRSYM    DATA     BIT       CY
      00000098H.1 SFRSYM    DATA     BIT       TI
      000000B0H.3 SFRSYM    DATA     BIT       INT1
      000000CBH   SFRSYM    DATA     BYTE      RCAP2H
      000000B8H.4 SFRSYM    DATA     BIT       PS
      00000081H   SFRSYM    DATA     BYTE      SP
      00000090H.1 SFRSYM    DATA     BIT       T2EX
      000000B0H   SFRSYM    DATA     BIT       RS
      000000D0H.2 SFRSYM    DATA     BIT       OV
      000000CAH   SFRSYM    DATA     BYTE      RCAP2L
      000000B0H.1 SFRSYM    DATA     BIT       RW
      000000C8H.1 SFRSYM    DATA     BIT       C_T2
      000000B0H.6 SFRSYM    DATA     BIT       WR
      000000C8H.5 SFRSYM    DATA     BIT       RCLK
      000000C8H.4 SFRSYM    DATA     BIT       TCLK
      00000099H   SFRSYM    DATA     BYTE      SBUF
      00000087H   SFRSYM    DATA     BYTE      PCON
      00000098H   SFRSYM    DATA     BYTE      SCON
      00000089H   SFRSYM    DATA     BYTE      TMOD
      00000088H   SFRSYM    DATA     BYTE      TCON
      00000088H.1 SFRSYM    DATA     BIT       IE0
      00000088H.3 SFRSYM    DATA     BIT       IE1
      000000F0H   SFRSYM    DATA     BYTE      B
      000000B0H.4 SFRSYM    DATA     BIT       E
      000000C8H   SFRSYM    DATA     BIT       CP_RL2
      000000E0H   SFRSYM    DATA     BYTE      ACC
      000000A8H.1 SFRSYM    DATA     BIT       ET0
      000000A8H.3 SFRSYM    DATA     BIT       ET1
      00000088H.5 SFRSYM    DATA     BIT       TF0
      000000A8H.5 SFRSYM    DATA     BIT       ET2
      00000088H.7 SFRSYM    DATA     BIT       TF1
      000000C8H.7 SFRSYM    DATA     BIT       TF2
      00000098H.2 SFRSYM    DATA     BIT       RB8
      0000008CH   SFRSYM    DATA     BYTE      TH0
      000000A8H   SFRSYM    DATA     BIT       EX0
      00000088H   SFRSYM    DATA     BIT       IT0
      0000008DH   SFRSYM    DATA     BYTE      TH1
      00000098H.3 SFRSYM    DATA     BIT       TB8
      000000A8H.2 SFRSYM    DATA     BIT       EX1
      00000088H.2 SFRSYM    DATA     BIT       IT1
      000000CDH   SFRSYM    DATA     BYTE      TH2
      000000D0H   SFRSYM    DATA     BIT       P
      00000098H.7 SFRSYM    DATA     BIT       SM0
      0000008AH   SFRSYM    DATA     BYTE      TL0
LX51 LINKER/LOCATER V4.66.1.0                                                         04/28/2020  23:29:43  PAGE 11


      00000098H.6 SFRSYM    DATA     BIT       SM1
      0000008BH   SFRSYM    DATA     BYTE      TL1
      00000098H.5 SFRSYM    DATA     BIT       SM2
      000000CCH   SFRSYM    DATA     BYTE      TL2
      000000B8H.1 SFRSYM    DATA     BIT       PT0
      000000B8H.3 SFRSYM    DATA     BIT       PT1
      000000D0H.3 SFRSYM    DATA     BIT       RS0
      000000B8H.5 SFRSYM    DATA     BIT       PT2
      00000088H.4 SFRSYM    DATA     BIT       TR0
      000000D0H.4 SFRSYM    DATA     BIT       RS1
      00000088H.6 SFRSYM    DATA     BIT       TR1
      000000C8H.2 SFRSYM    DATA     BIT       TR2
      000000B8H   SFRSYM    DATA     BIT       PX0
      000000B8H.2 SFRSYM    DATA     BIT       PX1
      00000083H   SFRSYM    DATA     BYTE      DPH
      00000082H   SFRSYM    DATA     BYTE      DPL
      000000C8H.3 SFRSYM    DATA     BIT       EXEN2
      00000098H.4 SFRSYM    DATA     BIT       REN
      000000C8H   SFRSYM    DATA     BYTE      T2CON
      000000B0H   SFRSYM    DATA     BIT       RXD
      000000B0H.1 SFRSYM    DATA     BIT       TXD
      000000D0H.5 SFRSYM    DATA     BIT       F0
      000000D0H   SFRSYM    DATA     BYTE      PSW

      010002D6H   BLOCK     CODE     ---       LVL=0
      010002D6H   BLOCK     CODE     NEAR LAB  LVL=1
      00000007H   SYMBOL    DATA     BYTE      j
      00000006H   SYMBOL    DATA     BYTE      i
      ---         BLOCKEND  ---      ---       LVL=1
      010002D6H   LINE      CODE     ---       #7
      010002D6H   LINE      CODE     ---       #8
      010002D6H   LINE      CODE     ---       #9
      010002D8H   LINE      CODE     ---       #10
      010002D8H   LINE      CODE     ---       #11
      010002E2H   LINE      CODE     ---       #12
      ---         BLOCKEND  ---      ---       LVL=0

      0100028DH   BLOCK     CODE     ---       LVL=0
      00000007H   SYMBOL    DATA     BYTE      dat
      0100028DH   LINE      CODE     ---       #14
      0100028DH   LINE      CODE     ---       #15
      0100028DH   LINE      CODE     ---       #17
      0100028FH   LINE      CODE     ---       #18
      01000291H   LINE      CODE     ---       #19
      01000293H   LINE      CODE     ---       #20
      01000295H   LINE      CODE     ---       #21
      01000297H   LINE      CODE     ---       #22
      01000299H   LINE      CODE     ---       #23
      0100029BH   LINE      CODE     ---       #24
      ---         BLOCKEND  ---      ---       LVL=0

      0100029CH   BLOCK     CODE     ---       LVL=0
      00000007H   SYMBOL    DATA     BYTE      command
      0100029CH   LINE      CODE     ---       #26
      0100029CH   LINE      CODE     ---       #27
      0100029CH   LINE      CODE     ---       #28
      0100029EH   LINE      CODE     ---       #29
      010002A0H   LINE      CODE     ---       #30
      010002A2H   LINE      CODE     ---       #31
      010002A4H   LINE      CODE     ---       #32
      010002A6H   LINE      CODE     ---       #33
      010002A8H   LINE      CODE     ---       #34
      010002AAH   LINE      CODE     ---       #35
      ---         BLOCKEND  ---      ---       LVL=0

LX51 LINKER/LOCATER V4.66.1.0                                                         04/28/2020  23:29:43  PAGE 12


      0100027DH   BLOCK     CODE     ---       LVL=0
      0100027DH   LINE      CODE     ---       #37
      0100027DH   LINE      CODE     ---       #38
      0100027DH   LINE      CODE     ---       #39
      01000281H   LINE      CODE     ---       #40
      01000285H   LINE      CODE     ---       #41
      01000289H   LINE      CODE     ---       #42
      ---         BLOCKEND  ---      ---       LVL=0

      0100022FH   BLOCK     CODE     ---       LVL=0
      00000007H   SYMBOL    DATA     BYTE      addr
      0000003DH   SYMBOL    DATA     ---       str
      01000235H   BLOCK     CODE     NEAR LAB  LVL=1
      00000005H   SYMBOL    DATA     BYTE      i
      ---         BLOCKEND  ---      ---       LVL=1
      0100022FH   LINE      CODE     ---       #51
      01000235H   LINE      CODE     ---       #52
      01000235H   LINE      CODE     ---       #53
      01000237H   LINE      CODE     ---       #54
      01000239H   LINE      CODE     ---       #55
      01000249H   LINE      CODE     ---       #56
      01000249H   LINE      CODE     ---       #57
      0100024BH   LINE      CODE     ---       #58
      0100024CH   LINE      CODE     ---       #59
      0100024EH   LINE      CODE     ---       #60
      ---         BLOCKEND  ---      ---       LVL=0

      010002ABH   BLOCK     CODE     ---       LVL=0
      00000020H.2 SYMBOL    BIT      BIT       mode
      010002ABH   LINE      CODE     ---       #66
      010002ABH   LINE      CODE     ---       #67
      010002ABH   LINE      CODE     ---       #68
      010002AEH   LINE      CODE     ---       #69
      010002B2H   LINE      CODE     ---       #70
      010002B5H   LINE      CODE     ---       #71
      010002B9H   LINE      CODE     ---       #72
      ---         BLOCKEND  ---      ---       LVL=0

      01000092H   BLOCK     CODE     ---       LVL=0
      00000007H   SYMBOL    DATA     BYTE      n
      01000092H   BLOCK     CODE     NEAR LAB  LVL=1
      00000001H   SYMBOL    DATA     ---       pStr
      ---         BLOCKEND  ---      ---       LVL=1
      01000092H   LINE      CODE     ---       #77
      01000092H   LINE      CODE     ---       #78
      01000092H   LINE      CODE     ---       #81
      01000098H   LINE      CODE     ---       #82
      0100009EH   LINE      CODE     ---       #83
      0100009EH   LINE      CODE     ---       #84
      010000A7H   LINE      CODE     ---       #85
      010000AEH   LINE      CODE     ---       #86
      010000B5H   LINE      CODE     ---       #87
      010000BEH   LINE      CODE     ---       #88
      010000C5H   LINE      CODE     ---       #89
      010000CCH   LINE      CODE     ---       #90
      010000D1H   LINE      CODE     ---       #91
      010000D1H   LINE      CODE     ---       #92
      010000D7H   LINE      CODE     ---       #93
      010000D7H   LINE      CODE     ---       #94
      010000E0H   LINE      CODE     ---       #95
      010000E7H   LINE      CODE     ---       #96
      010000EEH   LINE      CODE     ---       #97
      010000F3H   LINE      CODE     ---       #98
      010000F3H   LINE      CODE     ---       #99
      010000F9H   LINE      CODE     ---       #100
LX51 LINKER/LOCATER V4.66.1.0                                                         04/28/2020  23:29:43  PAGE 13


      010000F9H   LINE      CODE     ---       #101
      010000FEH   LINE      CODE     ---       #102
      010000FEH   LINE      CODE     ---       #103
      01000105H   LINE      CODE     ---       #104
      01000108H   LINE      CODE     ---       #105
      0100010DH   LINE      CODE     ---       #106
      ---         BLOCKEND  ---      ---       LVL=0

      ---         MODULE    ---      ---       MAIN
      00000013H   PUBLIC    DATA     BYTE      random_num
      0100024FH   PUBLIC    CODE     ---       main
      010002C8H   PUBLIC    CODE     ---       init
      00000080H   SFRSYM    DATA     BYTE      P0
      00000090H   SFRSYM    DATA     BYTE      P1
      000000A0H   SFRSYM    DATA     BYTE      P2
      000000B0H   SFRSYM    DATA     BYTE      P3
      000000B0H.4 SFRSYM    DATA     BIT       T0
      000000D0H.6 SFRSYM    DATA     BIT       AC
      000000B0H.5 SFRSYM    DATA     BIT       T1
      00000090H   SFRSYM    DATA     BIT       T2
      000000A8H.7 SFRSYM    DATA     BIT       EA
      000000A8H   SFRSYM    DATA     BYTE      IE
      000000C8H.6 SFRSYM    DATA     BIT       EXF2
      000000B0H.7 SFRSYM    DATA     BIT       RD
      000000A8H.4 SFRSYM    DATA     BIT       ES
      000000B8H   SFRSYM    DATA     BYTE      IP
      00000098H   SFRSYM    DATA     BIT       RI
      000000B0H.2 SFRSYM    DATA     BIT       INT0
      000000D0H.7 SFRSYM    DATA     BIT       CY
      00000098H.1 SFRSYM    DATA     BIT       TI
      000000B0H.3 SFRSYM    DATA     BIT       INT1
      000000CBH   SFRSYM    DATA     BYTE      RCAP2H
      000000B8H.4 SFRSYM    DATA     BIT       PS
      00000081H   SFRSYM    DATA     BYTE      SP
      00000090H.1 SFRSYM    DATA     BIT       T2EX
      000000D0H.2 SFRSYM    DATA     BIT       OV
      000000CAH   SFRSYM    DATA     BYTE      RCAP2L
      000000C8H.1 SFRSYM    DATA     BIT       C_T2
      000000B0H.6 SFRSYM    DATA     BIT       WR
      000000C8H.5 SFRSYM    DATA     BIT       RCLK
      000000C8H.4 SFRSYM    DATA     BIT       TCLK
      00000099H   SFRSYM    DATA     BYTE      SBUF
      00000087H   SFRSYM    DATA     BYTE      PCON
      00000098H   SFRSYM    DATA     BYTE      SCON
      00000089H   SFRSYM    DATA     BYTE      TMOD
      00000088H   SFRSYM    DATA     BYTE      TCON
      00000088H.1 SFRSYM    DATA     BIT       IE0
      00000088H.3 SFRSYM    DATA     BIT       IE1
      000000F0H   SFRSYM    DATA     BYTE      B
      000000C8H   SFRSYM    DATA     BIT       CP_RL2
      000000E0H   SFRSYM    DATA     BYTE      ACC
      000000A8H.1 SFRSYM    DATA     BIT       ET0
      000000A8H.3 SFRSYM    DATA     BIT       ET1
      00000088H.5 SFRSYM    DATA     BIT       TF0
      000000A8H.5 SFRSYM    DATA     BIT       ET2
      00000088H.7 SFRSYM    DATA     BIT       TF1
      000000C8H.7 SFRSYM    DATA     BIT       TF2
      00000098H.2 SFRSYM    DATA     BIT       RB8
      0000008CH   SFRSYM    DATA     BYTE      TH0
      000000A8H   SFRSYM    DATA     BIT       EX0
      00000088H   SFRSYM    DATA     BIT       IT0
      0000008DH   SFRSYM    DATA     BYTE      TH1
      00000098H.3 SFRSYM    DATA     BIT       TB8
      000000A8H.2 SFRSYM    DATA     BIT       EX1
      00000088H.2 SFRSYM    DATA     BIT       IT1
LX51 LINKER/LOCATER V4.66.1.0                                                         04/28/2020  23:29:43  PAGE 14


      000000CDH   SFRSYM    DATA     BYTE      TH2
      000000D0H   SFRSYM    DATA     BIT       P
      00000098H.7 SFRSYM    DATA     BIT       SM0
      0000008AH   SFRSYM    DATA     BYTE      TL0
      00000098H.6 SFRSYM    DATA     BIT       SM1
      0000008BH   SFRSYM    DATA     BYTE      TL1
      00000098H.5 SFRSYM    DATA     BIT       SM2
      000000CCH   SFRSYM    DATA     BYTE      TL2
      000000B8H.1 SFRSYM    DATA     BIT       PT0
      000000B8H.3 SFRSYM    DATA     BIT       PT1
      000000D0H.3 SFRSYM    DATA     BIT       RS0
      000000B8H.5 SFRSYM    DATA     BIT       PT2
      00000088H.4 SFRSYM    DATA     BIT       TR0
      000000D0H.4 SFRSYM    DATA     BIT       RS1
      00000088H.6 SFRSYM    DATA     BIT       TR1
      000000C8H.2 SFRSYM    DATA     BIT       TR2
      000000B8H   SFRSYM    DATA     BIT       PX0
      000000B8H.2 SFRSYM    DATA     BIT       PX1
      00000083H   SFRSYM    DATA     BYTE      DPH
      00000082H   SFRSYM    DATA     BYTE      DPL
      000000C8H.3 SFRSYM    DATA     BIT       EXEN2
      00000098H.4 SFRSYM    DATA     BIT       REN
      000000C8H   SFRSYM    DATA     BYTE      T2CON
      000000B0H   SFRSYM    DATA     BIT       RXD
      000000B0H.1 SFRSYM    DATA     BIT       TXD
      000000D0H.5 SFRSYM    DATA     BIT       F0
      000000D0H   SFRSYM    DATA     BYTE      PSW

      010002C8H   BLOCK     CODE     ---       LVL=0
      010002C8H   LINE      CODE     ---       #11
      010002C8H   LINE      CODE     ---       #12
      010002C8H   LINE      CODE     ---       #13
      010002CAH   LINE      CODE     ---       #14
      010002CCH   LINE      CODE     ---       #15
      010002CEH   LINE      CODE     ---       #16
      010002D0H   LINE      CODE     ---       #17
      010002D2H   LINE      CODE     ---       #18
      ---         BLOCKEND  ---      ---       LVL=0

      0100024FH   BLOCK     CODE     ---       LVL=0
      0100024FH   LINE      CODE     ---       #23
      0100024FH   LINE      CODE     ---       #24
      0100024FH   LINE      CODE     ---       #25
      01000251H   LINE      CODE     ---       #27
      0100025BH   LINE      CODE     ---       #28
      0100025DH   LINE      CODE     ---       #29
      01000267H   LINE      CODE     ---       #30
      01000267H   LINE      CODE     ---       #31
      01000267H   LINE      CODE     ---       #33
      0100026BH   LINE      CODE     ---       #34
      ---         BLOCKEND  ---      ---       LVL=0

      ---         MODULE    ---      ---       RANDOM
      010002F0H   PUBLIC    CODE     ---       random
      01000005H   PUBLIC    CODE     ---       _init_random
      00000080H   SFRSYM    DATA     BYTE      P0
      00000090H   SFRSYM    DATA     BYTE      P1
      000000A0H   SFRSYM    DATA     BYTE      P2
      000000B0H   SFRSYM    DATA     BYTE      P3
      000000B0H.4 SFRSYM    DATA     BIT       T0
      000000D0H.6 SFRSYM    DATA     BIT       AC
      000000B0H.5 SFRSYM    DATA     BIT       T1
      00000090H   SFRSYM    DATA     BIT       T2
      000000A8H.7 SFRSYM    DATA     BIT       EA
      000000A8H   SFRSYM    DATA     BYTE      IE
LX51 LINKER/LOCATER V4.66.1.0                                                         04/28/2020  23:29:43  PAGE 15


      000000C8H.6 SFRSYM    DATA     BIT       EXF2
      000000B0H.7 SFRSYM    DATA     BIT       RD
      000000A8H.4 SFRSYM    DATA     BIT       ES
      000000B8H   SFRSYM    DATA     BYTE      IP
      00000098H   SFRSYM    DATA     BIT       RI
      000000B0H.2 SFRSYM    DATA     BIT       INT0
      000000D0H.7 SFRSYM    DATA     BIT       CY
      00000098H.1 SFRSYM    DATA     BIT       TI
      000000B0H.3 SFRSYM    DATA     BIT       INT1
      000000CBH   SFRSYM    DATA     BYTE      RCAP2H
      000000B8H.4 SFRSYM    DATA     BIT       PS
      00000081H   SFRSYM    DATA     BYTE      SP
      00000090H.1 SFRSYM    DATA     BIT       T2EX
      000000D0H.2 SFRSYM    DATA     BIT       OV
      000000CAH   SFRSYM    DATA     BYTE      RCAP2L
      000000C8H.1 SFRSYM    DATA     BIT       C_T2
      000000B0H.6 SFRSYM    DATA     BIT       WR
      000000C8H.5 SFRSYM    DATA     BIT       RCLK
      000000C8H.4 SFRSYM    DATA     BIT       TCLK
      00000099H   SFRSYM    DATA     BYTE      SBUF
      00000087H   SFRSYM    DATA     BYTE      PCON
      00000098H   SFRSYM    DATA     BYTE      SCON
      00000089H   SFRSYM    DATA     BYTE      TMOD
      00000088H   SFRSYM    DATA     BYTE      TCON
      00000088H.1 SFRSYM    DATA     BIT       IE0
      00000088H.3 SFRSYM    DATA     BIT       IE1
      000000F0H   SFRSYM    DATA     BYTE      B
      000000C8H   SFRSYM    DATA     BIT       CP_RL2
      000000E0H   SFRSYM    DATA     BYTE      ACC
      000000A8H.1 SFRSYM    DATA     BIT       ET0
      000000A8H.3 SFRSYM    DATA     BIT       ET1
      00000088H.5 SFRSYM    DATA     BIT       TF0
      000000A8H.5 SFRSYM    DATA     BIT       ET2
      00000088H.7 SFRSYM    DATA     BIT       TF1
      000000C8H.7 SFRSYM    DATA     BIT       TF2
      00000098H.2 SFRSYM    DATA     BIT       RB8
      0000008CH   SFRSYM    DATA     BYTE      TH0
      000000A8H   SFRSYM    DATA     BIT       EX0
      00000088H   SFRSYM    DATA     BIT       IT0
      0000008DH   SFRSYM    DATA     BYTE      TH1
      00000098H.3 SFRSYM    DATA     BIT       TB8
      000000A8H.2 SFRSYM    DATA     BIT       EX1
      00000088H.2 SFRSYM    DATA     BIT       IT1
      000000CDH   SFRSYM    DATA     BYTE      TH2
      000000D0H   SFRSYM    DATA     BIT       P
      00000098H.7 SFRSYM    DATA     BIT       SM0
      0000008AH   SFRSYM    DATA     BYTE      TL0
      00000098H.6 SFRSYM    DATA     BIT       SM1
      0000008BH   SFRSYM    DATA     BYTE      TL1
      00000098H.5 SFRSYM    DATA     BIT       SM2
      000000CCH   SFRSYM    DATA     BYTE      TL2
      000000B8H.1 SFRSYM    DATA     BIT       PT0
      000000B8H.3 SFRSYM    DATA     BIT       PT1
      000000D0H.3 SFRSYM    DATA     BIT       RS0
      000000B8H.5 SFRSYM    DATA     BIT       PT2
      00000088H.4 SFRSYM    DATA     BIT       TR0
      000000D0H.4 SFRSYM    DATA     BIT       RS1
      00000088H.6 SFRSYM    DATA     BIT       TR1
      000000C8H.2 SFRSYM    DATA     BIT       TR2
      000000B8H   SFRSYM    DATA     BIT       PX0
      000000B8H.2 SFRSYM    DATA     BIT       PX1
      00000083H   SFRSYM    DATA     BYTE      DPH
      00000082H   SFRSYM    DATA     BYTE      DPL
      000000C8H.3 SFRSYM    DATA     BIT       EXEN2
      00000098H.4 SFRSYM    DATA     BIT       REN
LX51 LINKER/LOCATER V4.66.1.0                                                         04/28/2020  23:29:43  PAGE 16


      000000C8H   SFRSYM    DATA     BYTE      T2CON
      000000B0H   SFRSYM    DATA     BIT       RXD
      000000B0H.1 SFRSYM    DATA     BIT       TXD
      000000D0H.5 SFRSYM    DATA     BIT       F0
      000000D0H   SFRSYM    DATA     BYTE      PSW

      01000005H   BLOCK     CODE     ---       LVL=0
      00000007H   SYMBOL    DATA     BYTE      seed
      01000005H   LINE      CODE     ---       #8
      01000005H   LINE      CODE     ---       #9
      01000005H   LINE      CODE     ---       #10
      ---         BLOCKEND  ---      ---       LVL=0

      010002F0H   BLOCK     CODE     ---       LVL=0
      010002F0H   LINE      CODE     ---       #13
      010002F0H   LINE      CODE     ---       #14
      010002F0H   LINE      CODE     ---       #15
      010002FAH   LINE      CODE     ---       #16
      ---         BLOCKEND  ---      ---       LVL=0

      ---         MODULE    ---      ---       TASKS
      00000020H.3 PUBLIC    BIT      BIT       is_pause
      00000012H   PUBLIC    DATA     BYTE      score
      01000015H   PUBLIC    CODE     ---       update
      010001BFH   PUBLIC    CODE     ---       TIM_0_isr
      0100010EH   PUBLIC    CODE     ---       continuee
      0100016DH   PUBLIC    CODE     ---       pause
      010002E3H   PUBLIC    CODE     ---       delay500ms
      00000080H   SFRSYM    DATA     BYTE      P0
      00000090H   SFRSYM    DATA     BYTE      P1
      000000A0H   SFRSYM    DATA     BYTE      P2
      000000B0H   SFRSYM    DATA     BYTE      P3
      000000B0H.4 SFRSYM    DATA     BIT       T0
      000000D0H.6 SFRSYM    DATA     BIT       AC
      000000B0H.5 SFRSYM    DATA     BIT       T1
      00000090H   SFRSYM    DATA     BIT       T2
      000000A8H.7 SFRSYM    DATA     BIT       EA
      000000A8H   SFRSYM    DATA     BYTE      IE
      000000C8H.6 SFRSYM    DATA     BIT       EXF2
      000000B0H.7 SFRSYM    DATA     BIT       RD
      000000A8H.4 SFRSYM    DATA     BIT       ES
      000000B8H   SFRSYM    DATA     BYTE      IP
      00000098H   SFRSYM    DATA     BIT       RI
      000000B0H.2 SFRSYM    DATA     BIT       INT0
      000000D0H.7 SFRSYM    DATA     BIT       CY
      00000098H.1 SFRSYM    DATA     BIT       TI
      000000B0H.3 SFRSYM    DATA     BIT       INT1
      000000CBH   SFRSYM    DATA     BYTE      RCAP2H
      000000B8H.4 SFRSYM    DATA     BIT       PS
      00000081H   SFRSYM    DATA     BYTE      SP
      00000090H.1 SFRSYM    DATA     BIT       T2EX
      000000D0H.2 SFRSYM    DATA     BIT       OV
      000000CAH   SFRSYM    DATA     BYTE      RCAP2L
      000000C8H.1 SFRSYM    DATA     BIT       C_T2
      000000B0H.6 SFRSYM    DATA     BIT       WR
      000000C8H.5 SFRSYM    DATA     BIT       RCLK
      000000C8H.4 SFRSYM    DATA     BIT       TCLK
      00000099H   SFRSYM    DATA     BYTE      SBUF
      00000087H   SFRSYM    DATA     BYTE      PCON
      00000098H   SFRSYM    DATA     BYTE      SCON
      00000089H   SFRSYM    DATA     BYTE      TMOD
      00000088H   SFRSYM    DATA     BYTE      TCON
      00000088H.1 SFRSYM    DATA     BIT       IE0
      00000088H.3 SFRSYM    DATA     BIT       IE1
      000000F0H   SFRSYM    DATA     BYTE      B
LX51 LINKER/LOCATER V4.66.1.0                                                         04/28/2020  23:29:43  PAGE 17


      000000C8H   SFRSYM    DATA     BIT       CP_RL2
      000000E0H   SFRSYM    DATA     BYTE      ACC
      000000A8H.1 SFRSYM    DATA     BIT       ET0
      000000A8H.3 SFRSYM    DATA     BIT       ET1
      00000088H.5 SFRSYM    DATA     BIT       TF0
      000000A8H.5 SFRSYM    DATA     BIT       ET2
      00000088H.7 SFRSYM    DATA     BIT       TF1
      000000C8H.7 SFRSYM    DATA     BIT       TF2
      00000098H.2 SFRSYM    DATA     BIT       RB8
      0000008CH   SFRSYM    DATA     BYTE      TH0
      000000A8H   SFRSYM    DATA     BIT       EX0
      00000088H   SFRSYM    DATA     BIT       IT0
      0000008DH   SFRSYM    DATA     BYTE      TH1
      00000098H.3 SFRSYM    DATA     BIT       TB8
      000000A8H.2 SFRSYM    DATA     BIT       EX1
      00000088H.2 SFRSYM    DATA     BIT       IT1
      000000CDH   SFRSYM    DATA     BYTE      TH2
      000000D0H   SFRSYM    DATA     BIT       P
      00000098H.7 SFRSYM    DATA     BIT       SM0
      0000008AH   SFRSYM    DATA     BYTE      TL0
      00000098H.6 SFRSYM    DATA     BIT       SM1
      0000008BH   SFRSYM    DATA     BYTE      TL1
      00000098H.5 SFRSYM    DATA     BIT       SM2
      000000CCH   SFRSYM    DATA     BYTE      TL2
      000000B8H.1 SFRSYM    DATA     BIT       PT0
      000000B8H.3 SFRSYM    DATA     BIT       PT1
      000000D0H.3 SFRSYM    DATA     BIT       RS0
      000000B8H.5 SFRSYM    DATA     BIT       PT2
      00000088H.4 SFRSYM    DATA     BIT       TR0
      000000D0H.4 SFRSYM    DATA     BIT       RS1
      00000088H.6 SFRSYM    DATA     BIT       TR1
      000000C8H.2 SFRSYM    DATA     BIT       TR2
      000000B8H   SFRSYM    DATA     BIT       PX0
      000000B8H.2 SFRSYM    DATA     BIT       PX1
      00000083H   SFRSYM    DATA     BYTE      DPH
      00000082H   SFRSYM    DATA     BYTE      DPL
      000000C8H.3 SFRSYM    DATA     BIT       EXEN2
      00000098H.4 SFRSYM    DATA     BIT       REN
      000000C8H   SFRSYM    DATA     BYTE      T2CON
      000000B0H   SFRSYM    DATA     BIT       RXD
      000000B0H.1 SFRSYM    DATA     BIT       TXD
      000000D0H.5 SFRSYM    DATA     BIT       F0
      000000D0H   SFRSYM    DATA     BYTE      PSW
      010005CAH   SYMBOL    CODE     ---       _?ix1000

      010002E3H   BLOCK     CODE     ---       LVL=0
      010002E3H   BLOCK     CODE     NEAR LAB  LVL=1
      00000005H   SYMBOL    DATA     BYTE      a
      00000006H   SYMBOL    DATA     BYTE      b
      00000007H   SYMBOL    DATA     BYTE      c
      ---         BLOCKEND  ---      ---       LVL=1
      010002E3H   LINE      CODE     ---       #15
      010002E3H   LINE      CODE     ---       #16
      010002E3H   LINE      CODE     ---       #18
      010002E5H   LINE      CODE     ---       #19
      010002E7H   LINE      CODE     ---       #20
      010002EFH   LINE      CODE     ---       #21
      ---         BLOCKEND  ---      ---       LVL=0

      0100016DH   BLOCK     CODE     ---       LVL=0
      0100016DH   LINE      CODE     ---       #30
      0100018AH   LINE      CODE     ---       #32
      0100018DH   LINE      CODE     ---       #33
      0100018FH   LINE      CODE     ---       #34
      01000193H   LINE      CODE     ---       #35
LX51 LINKER/LOCATER V4.66.1.0                                                         04/28/2020  23:29:43  PAGE 18


      0100019DH   LINE      CODE     ---       #36
      010001A1H   LINE      CODE     ---       #37
      010001A4H   LINE      CODE     ---       #39
      ---         BLOCKEND  ---      ---       LVL=0

      0100010EH   BLOCK     CODE     ---       LVL=0
      0100010EH   LINE      CODE     ---       #42
      0100012BH   LINE      CODE     ---       #44
      0100012EH   LINE      CODE     ---       #46
      01000132H   LINE      CODE     ---       #47
      0100013CH   LINE      CODE     ---       #48
      0100013EH   LINE      CODE     ---       #49
      01000148H   LINE      CODE     ---       #50
      01000150H   LINE      CODE     ---       #51
      01000152H   LINE      CODE     ---       #52
      ---         BLOCKEND  ---      ---       LVL=0

      010001BFH   BLOCK     CODE     ---       LVL=0
      010001DCH   BLOCK     CODE     NEAR LAB  LVL=1
      00000010H   SYMBOL    DATA     BYTE      count
      ---         BLOCKEND  ---      ---       LVL=1
      010001BFH   LINE      CODE     ---       #59
      010001DCH   LINE      CODE     ---       #62
      010001DFH   LINE      CODE     ---       #63
      010001E2H   LINE      CODE     ---       #64
      010001E4H   LINE      CODE     ---       #65
      010001E9H   LINE      CODE     ---       #66
      010001E9H   LINE      CODE     ---       #67
      010001ECH   LINE      CODE     ---       #68
      010001EEH   LINE      CODE     ---       #69
      010001EEH   LINE      CODE     ---       #70
      ---         BLOCKEND  ---      ---       LVL=0

      01000015H   BLOCK     CODE     ---       LVL=0
      01000015H   BLOCK     CODE     NEAR LAB  LVL=1
      00000027H   SYMBOL    DATA     BYTE      i
      00000028H   SYMBOL    DATA     BYTE      j
      00000011H   SYMBOL    DATA     BYTE      error
      00000029H   SYMBOL    DATA     BYTE      decode
      0000002AH   SYMBOL    DATA     ---       code_dic
      0100008AH   SYMBOL    CODE     VOID      LABAL
      ---         BLOCKEND  ---      ---       LVL=1
      01000015H   LINE      CODE     ---       #73
      01000015H   LINE      CODE     ---       #74
      01000015H   LINE      CODE     ---       #76
      0100001AH   LINE      CODE     ---       #80
      0100001CH   LINE      CODE     ---       #84
      0100002CH   LINE      CODE     ---       #87
      0100003AH   LINE      CODE     ---       #88
      0100003DH   LINE      CODE     ---       #89
      01000045H   LINE      CODE     ---       #92
      01000047H   LINE      CODE     ---       #96
      0100004AH   LINE      CODE     ---       #97
      0100004AH   LINE      CODE     ---       #98
      0100004DH   LINE      CODE     ---       #99
      0100004DH   LINE      CODE     ---       #100
      01000053H   LINE      CODE     ---       #101
      01000053H   LINE      CODE     ---       #102
      01000055H   LINE      CODE     ---       #103
      01000058H   LINE      CODE     ---       #104
      0100005AH   LINE      CODE     ---       #105
      0100005CH   LINE      CODE     ---       #106
      0100005CH   LINE      CODE     ---       #107
      01000065H   LINE      CODE     ---       #108
      0100006EH   LINE      CODE     ---       #109
LX51 LINKER/LOCATER V4.66.1.0                                                         04/28/2020  23:29:43  PAGE 19


      01000070H   LINE      CODE     ---       #110
      01000077H   LINE      CODE     ---       #111
      01000077H   LINE      CODE     ---       #112
      0100007BH   LINE      CODE     ---       #113
      0100007EH   LINE      CODE     ---       #114
      01000088H   LINE      CODE     ---       #115
      0100008AH   LINE      CODE     ---       #116
      0100008AH   LINE      CODE     ---       #119
      ---         BLOCKEND  ---      ---       LVL=0

      ---         MODULE    ---      ---       ?C_STARTUP
      01000000H   PUBLIC    CODE     ---       ?C_STARTUP

      ---         MODULE    ---      ---       ?C?COPY
      010003DDH   PUBLIC    CODE     ---       ?C?COPY

      ---         MODULE    ---      ---       ?C?CLDOPTR
      01000403H   PUBLIC    CODE     ---       ?C?CLDOPTR

      ---         MODULE    ---      ---       ?C?CSTPTR
      01000430H   PUBLIC    CODE     ---       ?C?CSTPTR

      ---         MODULE    ---      ---       ?C?SIDIV
      01000442H   PUBLIC    CODE     ---       ?C?SIDIV

      ---         MODULE    ---      ---       RAND
      0000000CH   PUBLIC    DATA     ---       ?SRAND?BYTE
      01000559H   PUBLIC    CODE     ---       RAND
      0100059BH   PUBLIC    CODE     ---       _SRAND

      ---         MODULE    ---      ---       ?C_INIT
      01000514H   PUBLIC    CODE     ---       ?C_START

      ---         MODULE    ---      ---       ?C?UIDIV
      01000478H   PUBLIC    CODE     ---       ?C?UIDIV



*** WARNING L15: MULTIPLE CALL TO FUNCTION
    NAME:    LCD_CLEAR/LCD
    CALLER1: PAUSE/TASKS
    CALLER2: CONTINUEE/TASKS

*** WARNING L15: MULTIPLE CALL TO FUNCTION
    NAME:    _LCD_DISPLAY/LCD
    CALLER1: PAUSE/TASKS
    CALLER2: CONTINUEE/TASKS

*** WARNING L15: MULTIPLE CALL TO FUNCTION
    NAME:    LCD_CLEAR/LCD
    CALLER1: CONTINUEE/TASKS
    CALLER2: TIM_0_ISR/TASKS

*** WARNING L15: MULTIPLE CALL TO FUNCTION
    NAME:    _LCD_DISPLAY/LCD
    CALLER1: CONTINUEE/TASKS
    CALLER2: TIM_0_ISR/TASKS

*** WARNING L15: MULTIPLE CALL TO FUNCTION
    NAME:    _LCD_DISPLAY/LCD
    CALLER1: TIM_0_ISR/TASKS
    CALLER2: ?C_C51STARTUP

Program Size: data=52.4 xdata=0 const=0 code=1523
LX51 RUN COMPLETE.  5 WARNING(S),  0 ERROR(S)
