C51 COMPILER V9.52.0.0   TASKS                                                             04/30/2020 21:41:23 PAGE 1   


C51 COMPILER V9.52.0.0, COMPILATION OF MODULE TASKS
OBJECT MODULE PLACED IN .\keilOut\tasks.obj
COMPILER INVOKED BY: C:\Program Files\Keil\C51\BIN\C51.EXE src\tasks.c OMF2 ROM(SMALL) OPTIMIZE(8,SIZE) BROWSE INCDIR(.\
                    -dependence;.\src) DEBUG PRINT(.\Listings\tasks.lst) OBJECT(.\keilOut\tasks.obj)

line level    source

   1          #include "reg52.h"
   2          #include "LCD_func.h"
   3          #include "keyboard_func.h"
   4          #include "interrupt_func.h"
   5          #include "random_func.h"
   6          #define uchar unsigned char
   7          extern void update(void);
   8          extern uchar score;
   9          
  10          
  11          /********************************************************************************************
  12                                                  延时500ms
  13          ********************************************************************************************/
  14          void delay500ms(void)
  15          {
  16   1          unsigned char a,b,c;
  17   1          for(c=23;c>0;c--)
  18   1              for(b=152;b>0;b--)
  19   1                  for(a=70;a>0;a--);
  20   1      }
  21          
  22          
  23          /********************************************************************************************
  24                                                  暂停与继续
  25          ********************************************************************************************/
  26          bit is_pause = 0;                       // 暂停时的标志位，is_pause = 1 表示处于暂停状态
  27          
  28          // INT1 中断，手动设置低优先级
  29          void pause() interrupt 2
  30          {
  31   1          P0 = 0x00;                          // LED 点阵熄灭
  32   1          is_pause = 1;                       // 更新标志位
  33   1          LCD_clear(0);
  34   1          LCD_display(0x80,"   PAUSE");       // 更新 LCD 显示屏
  35   1          init_random(TL1);                   // 重新获取随机数
  36   1          while(is_pause);                    // 当 "CONTINUE" 按下前，标志位一直为 1
  37   1                                              //  "CONTINUE" 按下后，标志位清零，退出无限循环，继续游戏
  38   1      }
  39          
  40          // INT0 中断，手动设置高优先级
  41          void continuee() interrupt 0
  42          {
  43   1          if (is_pause == 0)                  // 当之前没有按下"PAUSE"键，不做任何反应
  44   1              return;
  45   1          LCD_clear(0);                       // 更新显示屏并暂留
  46   1          LCD_display(0x80,"CONTINUE");
  47   1          delay500ms();
  48   1          LCD_display(0x80,"Score:     ");    // 显示屏恢复暂停前的状态
  49   1          LCD_display(0xC2,uchar2string(score));
  50   1          is_pause = 0;                       // 更新标志位，使之退出pause中断
  51   1      }
  52          
  53          
  54          /********************************************************************************************
C51 COMPILER V9.52.0.0   TASKS                                                             04/30/2020 21:41:23 PAGE 2   

  55                                              正常运行
  56          ********************************************************************************************/
  57          uchar count = 0;                        // 计数变量，当 count = 10 使表示半秒
  58          
  59          // 正常情况每半秒钟更新
  60          void TIM_0_isr() interrupt 1
  61          {
  62   1          TH0 = (65536 - 50000) / 256;        // 定时器手动重装
  63   1          TL0 = (65536 - 50000) % 256;
  64   1          count++;
  65   1          if (count==10)                      // 半秒时间到
  66   1          {
  67   2              count = 0;                      // 清空标志位
  68   2              update();                       // 调用update函数，执行主逻辑
  69   2          }
  70   1      }


MODULE INFORMATION:   STATIC OVERLAYABLE
   CODE SIZE        =    270    ----
   CONSTANT SIZE    =     30    ----
   XDATA SIZE       =   ----    ----
   PDATA SIZE       =   ----    ----
   DATA SIZE        =      1    ----
   IDATA SIZE       =   ----    ----
   BIT SIZE         =      1    ----
   EDATA SIZE       =   ----    ----
   HDATA SIZE       =   ----    ----
   XDATA CONST SIZE =   ----    ----
   FAR CONST SIZE   =   ----    ----
END OF MODULE INFORMATION.


C51 COMPILATION COMPLETE.  0 WARNING(S),  0 ERROR(S)
