C51 COMPILER V9.52.0.0   MAIN                                                              04/24/2020 15:58:32 PAGE 1   


C51 COMPILER V9.52.0.0, COMPILATION OF MODULE MAIN
OBJECT MODULE PLACED IN .\keilOut\main.obj
COMPILER INVOKED BY: C:\Program Files\Keil\C51\BIN\C51.EXE src\main.c OMF2 ROM(SMALL) OPTIMIZE(0,SIZE) BROWSE INCDIR(.\d
                    -ependence;.\src;.\dependence\build-in\toolchain) DEBUG PRINT(.\Listings\main.lst) OBJECT(.\keilOut\main.obj)

line level    source

   1          #define DEBUG 0
   2          #if DEBUG
                  #include "stdio.h"
                  #define uchar int
              #else
   6              // #include "reg51.h"
   7              #define uchar unsigned char
   8          #endif
   9          
  10          uchar s[10]={0x10,0x35,0xa3,0xf7,0x2d,0x9d,0xe8,0x04,0x87,0xd0};
  11          uchar MAX = 0, MIN = 0, SUM = 0, BCDH = 0, BCDL = 0, AVG = 0;
  12          
  13          void maxx(void)
  14          {
  15   1          uchar i = 0;
  16   1          MAX = s[0];
  17   1          for(i=1;i<10;i++)
  18   1          {
  19   2              if(s[i]>MAX)
  20   2                  MAX = s[i];
  21   2          }
  22   1      }
  23          
  24          void minn(void)
  25          {
  26   1          uchar i = 0;
  27   1          MIN = s[0];
  28   1          for(i=1;i<10;i++)
  29   1          {
  30   2              if(s[i]<MIN)
  31   2                  MIN = s[i];
  32   2          }
  33   1      }
  34          
  35          void mean(void)
  36          {
  37   1          uchar i = 0;
  38   1          int sum = 0;
  39   1          for(i=0;i<10;i++)
  40   1              sum += s[i];
  41   1          AVG = (sum-MAX-MIN)/8;
  42   1      }
  43          
  44          void DEC_2_BCD(void)
  45          {
  46   1          uchar tmp = 0;
  47   1          if (SUM>100)
  48   1              BCDH = SUM / 100;
  49   1          BCDL = SUM % 10;
  50   1          tmp = ((SUM -BCDL)/10) % 10;
  51   1          tmp = tmp<<4;
  52   1          BCDL += tmp;
  53   1          
  54   1      }
C51 COMPILER V9.52.0.0   MAIN                                                              04/24/2020 15:58:32 PAGE 2   

  55          
  56          void main()
  57          {
  58   1          maxx();
  59   1          minn();
  60   1          SUM = MAX + MIN;
  61   1          mean();
  62   1          DEC_2_BCD();
  63   1          #if DEBUG
                      printf("%hhx",MAX);
                  #endif
  66   1          mean();
  67   1      }
  68          
  69          


MODULE INFORMATION:   STATIC OVERLAYABLE
   CODE SIZE        =    253    ----
   CONSTANT SIZE    =   ----    ----
   XDATA SIZE       =   ----    ----
   PDATA SIZE       =   ----    ----
   DATA SIZE        =     22    ----
   IDATA SIZE       =   ----    ----
   BIT SIZE         =   ----    ----
   EDATA SIZE       =   ----    ----
   HDATA SIZE       =   ----    ----
   XDATA CONST SIZE =   ----    ----
   FAR CONST SIZE   =   ----    ----
END OF MODULE INFORMATION.


C51 COMPILATION COMPLETE.  0 WARNING(S),  0 ERROR(S)
